Program [line 1]:
  FunctionDecl: test -> void [line 1]:
    Parameters:
    Body [line 1]:
      Block [line 1-3]:
        VarDecl: int x = 0; [line 2]
        WhileStmt [line 3]:
          Condition: (x < 10)
          Block [line 3-4]:
            IfStmt [line 4-6]:
              Condition: (x == 5)
              Then:
              Block [line 4-5]:
                ExprStmt: (x = 0); [line 5]
              Else:
              Block [line 6-7]:
                ExprStmt: (x = (x + 1)); [line 7]