Program [line 1]:
  StructDecl: Point [line 1]:
    Fields:
      VarDecl: float x; [line 2]
      VarDecl: float y; [line 3]
  FunctionDecl: get_distance -> float [line 6]:
    Parameters:
      Param: Point p1 [line 6]
      Param: Point p2 [line 6]
    Body [line 6]:
      Block [line 6-16]:
        VarDecl: float dx = ((p1 . x) - (p2 . x)); [line 7]
        VarDecl: float dy = ((p1 . y) - (p2 . y)); [line 8]
        VarDecl: float dist = ((dx * dx) + (dy * dy)); [line 15]
        Return: dist [line 16]
  FunctionDecl: main -> void [line 19]:
    Parameters:
    Body [line 19]:
      Block [line 19-28]:
        VarDecl: Point origin; [line 20]
        ExprStmt: ((origin . x) = 0.0); [line 21]
        ExprStmt: ((origin . y) = 0.0); [line 22]
        VarDecl: Point p; [line 24]
        ExprStmt: ((p . x) = 3.5); [line 25]
        ExprStmt: ((p . y) = 4.0); [line 26]
        VarDecl: bool is_close = False; [line 28]
